
> vite_react_shadcn_ts@0.0.0 build
> vite build

[36mvite v7.3.1 [32mbuilding client environment for production...[36m[39m
transforming...
[32mΓ£ô[39m 1178 modules transformed.
node.exe : 
[31mΓ£ù[39m Build 
failed in 6.93s
At line:1 char:1
+ & "C:\Program 
Files\nodejs/node.exe" 
"C:\Program 
Files\nodejs/node_mo ...
+ ~~~~~~~~~~~~~~~~~~~~~~
~~~~~~~~~~~~~~~~~~~~~~~~
~~~~~~~~~~~~~~~~~~~~~~~
    + CategoryInfo      
        : NotSpecified: 
(    [31mΓ£ù[39m 
Build fa    iled in 
6.93s:String)     [], 
RemoteException
    + 
FullyQualifiedError    
Id : NativeCommandErr   
 or
 
[31merror during build:
[31mCould not resolve "
./animate-ui/liquidaicor
e" from "src/components/
HeroSection.tsx"[31m
file: [36mD:/OREHACK/sr
c/components/HeroSection
.tsx[31m
    at getRollupError (f
ile:///D:/OREHACK/node_m
odules/rollup/dist/es/sh
ared/parseAst.js:402:41)
    at error (file:///D:
/OREHACK/node_modules/ro
llup/dist/es/shared/pars
eAst.js:398:42)
    at ModuleLoader.hand
leInvalidResolvedId (fil
e:///D:/OREHACK/node_mod
ules/rollup/dist/es/shar
ed/node-entry.js:21710:2
4)
    at file:///D:/OREHAC
K/node_modules/rollup/di
st/es/shared/node-entry.
js:21670:26[39m
